﻿
> maxims-interiors@1.0.0 build
> vite build

[36mvite v5.4.21 [32mbuilding for production...[36m[39m
transforming...
[32mΓ£ô[39m 5 modules transformed.
node.exe : [31mx[39m 
Build failed in 1.04s
At line:1 char:1
+ & "C:\Program 
Files\nodejs/node.exe" 
"C:\Program 
Files\nodejs/node_mo ...
+ ~~~~~~~~~~~~~~~~~~~~~~~~~
~~~~~~~~~~~~~~~~~~~~~~~~~~~
~~~~~~~~~~~~~~~~~
    + CategoryInfo         
     : NotSpecified: ([3  
  1mx[39m Build failed    
 in 1.04s:String) [], R    
emoteException
    + FullyQualifiedErrorI 
   d : NativeCommandError
 
[31merror during build:
[31m[vite:css] [postcss] C
:/Users/bgadz/.gemini/antig
ravity/scratch/maxims-inter
iors/src/index.css:186:5: 
The `border-cream-soft/30` 
class does not exist. If 
`border-cream-soft/30` is 
a custom class, make sure 
it is defined within a 
`@layer` directive.[31m
file: [36mC:/Users/bgadz/.
gemini/antigravity/scratch/
maxims-interiors/src/index.
css:186:4[31m
    at Input.error (C:\User
s\bgadz\.gemini\antigravity
\scratch\maxims-interiors\n
ode_modules\postcss\lib\inp
ut.js:135:16)
    at AtRule.error (C:\Use
rs\bgadz\.gemini\antigravit
y\scratch\maxims-interiors\
node_modules\postcss\lib\no
de.js:146:32)
    at processApply (C:\Use
rs\bgadz\.gemini\antigravit
y\scratch\maxims-interiors\
node_modules\tailwindcss\li
b\lib\expandApplyAtRules.js
:380:29)
    at C:\Users\bgadz\.gemi
ni\antigravity\scratch\maxi
ms-interiors\node_modules\t
ailwindcss\lib\lib\expandAp
plyAtRules.js:551:9
    at C:\Users\bgadz\.gemi
ni\antigravity\scratch\maxi
ms-interiors\node_modules\t
ailwindcss\lib\processTailw
indFeatures.js:55:50
    at async plugins (C:\Us
ers\bgadz\.gemini\antigravi
ty\scratch\maxims-interiors
\node_modules\tailwindcss\l
ib\plugin.js:38:17)
    at async 
LazyResult.runAsync (C:\Use
rs\bgadz\.gemini\antigravit
y\scratch\maxims-interiors\
node_modules\postcss\lib\la
zy-result.js:293:11)
    at async compileCSS (fi
le:///C:/Users/bgadz/.gemin
i/antigravity/scratch/maxim
s-interiors/node_modules/vi
te/dist/node/chunks/dep-BK3
b2jBa.js:36898:21)
    at async 
Object.transform (file:///C
:/Users/bgadz/.gemini/antig
ravity/scratch/maxims-inter
iors/node_modules/vite/dist
/node/chunks/dep-BK3b2jBa.j
s:36171:11)
    at async transform (fil
e:///C:/Users/bgadz/.gemini
/antigravity/scratch/maxims
-interiors/node_modules/rol
lup/dist/es/shared/node-ent
ry.js:21269:16)[39m
