
> maxims-interiors@1.0.0 build
> vite build

[36mvite v5.4.21 [32mbuilding for production...[36m[39m
transforming...
[32mΓ£ô[39m 1944 modules transformed.
node.exe : [31mx[39m 
Build failed in 3.32s
At line:1 char:1
+ & "C:\Program 
Files\nodejs/node.exe" 
"C:\Program 
Files\nodejs/node_mo 
...
+ ~~~~~~~~~~~~~~~~~~~~~
~~~~~~~~~~~~~~~~~~~~~~~
~~~~~~~~~~~~~~~~~~~~~~~
~~
    + CategoryInfo     
         : 
NotSpecified: ([3    
1mx[39m Build failed  
   in 3.32s:String) 
[], R    emoteException
    + 
FullyQualifiedErrorI   
 d : NativeCommandError
 
[31merror during 
build:
[31msrc/pages/Gallery.
jsx (2:9): "motion" is 
not exported by "node_m
odules/react-router-dom
/dist/index.js", 
imported by "src/pages/
Gallery.jsx".[31m
file: [36mC:/Users/bga
dz/.gemini/antigravity/
scratch/maxims-interior
s/src/pages/Gallery.jsx
:2:9[31m
[33m
1: import { useState } 
from 'react'
2: import { motion, 
AnimatePresence } from 
'react-router-dom'
            ^
3: import { X, 
ChevronLeft, 
ChevronRight, 
ExternalLink } from 
'lucide-react'
4: import { Link } 
from 'react-router-dom'
[31m
    at getRollupError (
file:///C:/Users/bgadz/
.gemini/antigravity/scr
atch/maxims-interiors/n
ode_modules/rollup/dist
/es/shared/parseAst.js:
402:41)
    at error (file:///C
:/Users/bgadz/.gemini/a
ntigravity/scratch/maxi
ms-interiors/node_modul
es/rollup/dist/es/share
d/parseAst.js:398:42)
    at Module.error (fi
le:///C:/Users/bgadz/.g
emini/antigravity/scrat
ch/maxims-interiors/nod
e_modules/rollup/dist/e
s/shared/node-entry.js:
17040:16)
    at 
Module.traceVariable (f
ile:///C:/Users/bgadz/.
gemini/antigravity/scra
tch/maxims-interiors/no
de_modules/rollup/dist/
es/shared/node-entry.js
:17452:29)
    at ModuleScope.find
Variable (file:///C:/Us
ers/bgadz/.gemini/antig
ravity/scratch/maxims-i
nteriors/node_modules/r
ollup/dist/es/shared/no
de-entry.js:15070:39)
    at FunctionScope.fi
ndVariable (file:///C:/
Users/bgadz/.gemini/ant
igravity/scratch/maxims
-interiors/node_modules
/rollup/dist/es/shared/
node-entry.js:5673:38)
    at FunctionBodyScop
e.findVariable (file://
/C:/Users/bgadz/.gemini
/antigravity/scratch/ma
xims-interiors/node_mod
ules/rollup/dist/es/sha
red/node-entry.js:5673:
38)
    at 
MemberExpression.bind (
file:///C:/Users/bgadz/
.gemini/antigravity/scr
atch/maxims-interiors/n
ode_modules/rollup/dist
/es/shared/node-entry.j
s:7392:49)
    at 
CallExpression.bind (fi
le:///C:/Users/bgadz/.g
emini/antigravity/scrat
ch/maxims-interiors/nod
e_modules/rollup/dist/e
s/shared/node-entry.js:
2825:28)
    at 
CallExpression.bind (fi
le:///C:/Users/bgadz/.g
emini/antigravity/scrat
ch/maxims-interiors/nod
e_modules/rollup/dist/e
s/shared/node-entry.js:
12179:15)[39m
